EN nasob NULL //ucebnyfile/home/b/babusand/SAP/lab3.1/nasob.vhd sub00/vhpl02 1457968946
AR algebra behavioral //ucebnyfile/home/b/babusand/SAP/lab3.1/a.vhd sub00/vhpl01 1457968945
EN schema NULL //ucebnyfile/home/b/babusand/SAP/lab3.1/schema.vhf sub00/vhpl04 1457968948
AR schema behavioral //ucebnyfile/home/b/babusand/SAP/lab3.1/schema.vhf sub00/vhpl05 1457968949
AR nasob behavioral //ucebnyfile/home/b/babusand/SAP/lab3.1/nasob.vhd sub00/vhpl03 1457968947
EN algebra NULL //ucebnyfile/home/b/babusand/SAP/lab3.1/a.vhd sub00/vhpl00 1457968944
