AR mymux_muser_dvecisla behavioral //ucebnyfile/home/b/babusand/SAP/dvecisla/dvecisla.vhf sub00/vhpl07 1459938123
EN mymux NULL //ucebnyfile/home/b/babusand/SAP/dvecisla/Mymux.vhf sub00/vhpl10 1459938126
AR mymux behavioral //ucebnyfile/home/b/babusand/SAP/dvecisla/Mymux.vhf sub00/vhpl11 1459938127
AR algebra behavioral //ucebnyfile/home/b/babusand/SAP/dvecisla/a.vhd sub00/vhpl01 1459938117
AR cb16ce_mxilinx_dvecisla behavioral //ucebnyfile/home/b/babusand/SAP/dvecisla/dvecisla.vhf sub00/vhpl05 1459938121
AR dvecisla behavioral //ucebnyfile/home/b/babusand/SAP/dvecisla/dvecisla.vhf sub00/vhpl09 1459938125
EN dvecisla NULL //ucebnyfile/home/b/babusand/SAP/dvecisla/dvecisla.vhf sub00/vhpl08 1459938124
EN cb16ce_mxilinx_dvecisla NULL //ucebnyfile/home/b/babusand/SAP/dvecisla/dvecisla.vhf sub00/vhpl04 1459938120
AR ftce_mxilinx_dvecisla behavioral //ucebnyfile/home/b/babusand/SAP/dvecisla/dvecisla.vhf sub00/vhpl03 1459938119
EN ftce_mxilinx_dvecisla NULL //ucebnyfile/home/b/babusand/SAP/dvecisla/dvecisla.vhf sub00/vhpl02 1459938118
EN algebra NULL //ucebnyfile/home/b/babusand/SAP/dvecisla/a.vhd sub00/vhpl00 1459938116
EN mymux_muser_dvecisla NULL //ucebnyfile/home/b/babusand/SAP/dvecisla/dvecisla.vhf sub00/vhpl06 1459938122
