V3 30
FL //ucebnyfile/home/b/babusand/SAP/dvecisla/a.vhd 2016/03/14.16:59:48 P.20131013
EN work/algebra 1459938116 FL //ucebnyfile/home/b/babusand/SAP/dvecisla/a.vhd \
      PB ieee/std_logic_1164 1381692176 PB ieee/std_logic_arith 1381692177 \
      PB ieee/STD_LOGIC_UNSIGNED 1381692179
AR work/algebra/Behavioral 1459938117 \
      FL //ucebnyfile/home/b/babusand/SAP/dvecisla/a.vhd EN work/algebra 1459938116
FL //ucebnyfile/home/b/babusand/SAP/dvecisla/dvecisla.vhf 2016/04/06.12:18:07 P.20131013
EN work/FTCE_MXILINX_dvecisla 1459938118 \
      FL //ucebnyfile/home/b/babusand/SAP/dvecisla/dvecisla.vhf \
      PB ieee/std_logic_1164 1381692176 PB ieee/NUMERIC_STD 1381692181 LB UNISIM \
      PH unisim/VCOMPONENTS 1381692182
AR work/FTCE_MXILINX_dvecisla/BEHAVIORAL 1459938119 \
      FL //ucebnyfile/home/b/babusand/SAP/dvecisla/dvecisla.vhf \
      EN work/FTCE_MXILINX_dvecisla 1459938118 CP XOR2 CP FDCE
EN work/CB16CE_MXILINX_dvecisla 1459938120 \
      FL //ucebnyfile/home/b/babusand/SAP/dvecisla/dvecisla.vhf \
      PB ieee/std_logic_1164 1381692176 PB ieee/NUMERIC_STD 1381692181 LB UNISIM \
      PH unisim/VCOMPONENTS 1381692182
AR work/CB16CE_MXILINX_dvecisla/BEHAVIORAL 1459938121 \
      FL //ucebnyfile/home/b/babusand/SAP/dvecisla/dvecisla.vhf \
      EN work/CB16CE_MXILINX_dvecisla 1459938120 CP FTCE_MXILINX_dvecisla CP AND3 \
      CP AND2 CP VCC CP AND4 CP AND5
EN work/Mymux_MUSER_dvecisla 1459938122 \
      FL //ucebnyfile/home/b/babusand/SAP/dvecisla/dvecisla.vhf \
      PB ieee/std_logic_1164 1381692176 PB ieee/NUMERIC_STD 1381692181 LB UNISIM \
      PH unisim/VCOMPONENTS 1381692182
AR work/Mymux_MUSER_dvecisla/BEHAVIORAL 1459938123 \
      FL //ucebnyfile/home/b/babusand/SAP/dvecisla/dvecisla.vhf \
      EN work/Mymux_MUSER_dvecisla 1459938122 CP MUXF5
EN work/dvecisla 1459938124 \
      FL //ucebnyfile/home/b/babusand/SAP/dvecisla/dvecisla.vhf \
      PB ieee/std_logic_1164 1381692176 PB ieee/NUMERIC_STD 1381692181 LB UNISIM \
      PH unisim/VCOMPONENTS 1381692182
AR work/dvecisla/BEHAVIORAL 1459938125 \
      FL //ucebnyfile/home/b/babusand/SAP/dvecisla/dvecisla.vhf EN work/dvecisla 1459938124 \
      CP Mymux_MUSER_dvecisla CP algebra CP VCC CP CB16CE_MXILINX_dvecisla CP INV \
      CP BUF
FL //ucebnyfile/home/b/babusand/SAP/dvecisla/Mymux.vhf 2016/04/06.12:18:07 P.20131013
EN work/Mymux 1459938126 FL //ucebnyfile/home/b/babusand/SAP/dvecisla/Mymux.vhf \
      PB ieee/std_logic_1164 1381692176 PB ieee/NUMERIC_STD 1381692181 LB UNISIM \
      PH unisim/VCOMPONENTS 1381692182
AR work/Mymux/BEHAVIORAL 1459938127 \
      FL //ucebnyfile/home/b/babusand/SAP/dvecisla/Mymux.vhf EN work/Mymux 1459938126 \
      CP MUXF5
