AR algebra behavioral //ucebnyfile/home/b/babusand/SAP/lab3/a.vhd sub00/vhpl01 1457967625
EN schema NULL //ucebnyfile/home/b/babusand/SAP/lab3/schema.vhf sub00/vhpl02 1457967626
AR schema behavioral //ucebnyfile/home/b/babusand/SAP/lab3/schema.vhf sub00/vhpl03 1457967627
EN algebra NULL //ucebnyfile/home/b/babusand/SAP/lab3/a.vhd sub00/vhpl00 1457967624
